KEY D
REFRESH
KEY D
REFRESH
KEY D
REFRESH
KEY D
REFRESH
KEY D
REFRESH
KEY D
REFRESH
KEY D
REFRESH
KEY S
REFRESH
KEY A
REFRESH
KEY A
REFRESH
KEY A
REFRESH
KEY A
REFRESH
KEY A
REFRESH
KEY A
REFRESH
KEY A
REFRESH
KEY W
REFRESH
KEY D
REFRESH
KEY D
REFRESH
KEY D
REFRESH
KEY A
REFRESH
KEY S
REFRESH
KEY A
REFRESH
KEY A
REFRESH
KEY S
REFRESH
KEY D
REFRESH
KEY D
REFRESH
KEY S
REFRESH
KEY A
REFRESH
KEY A
REFRESH
KEY D
REFRESH
KEY D
REFRESH
KEY D
Killing 0 pacman

REFRESH
=== [3090] LEVEL INFO ===
Dimensions: 5 x 10
Tempo: 10
Pacman file: WE±÷
Monster files (2):
  - 
  -  

=== BOARD ===
WWWWWWWWWW
W        W
W        W
WM       W
W   M    W
==================
